mode: set
Rest-user-agregator/internal/database/database.go:17.38,20.16 3 0
Rest-user-agregator/internal/database/database.go:20.16,23.3 2 0
Rest-user-agregator/internal/database/database.go:25.2,26.16 2 0
Rest-user-agregator/internal/database/database.go:26.16,29.3 2 0
Rest-user-agregator/internal/database/database.go:30.2,31.12 2 0
Rest-user-agregator/internal/database/database.go:35.20,36.18 1 0
Rest-user-agregator/internal/database/database.go:36.18,38.6 1 0
Rest-user-agregator/internal/database/database.go:39.5,40.19 2 0
Rest-user-agregator/internal/database/database.go:40.19,43.6 2 0
Rest-user-agregator/internal/database/database.go:44.5,45.15 2 0
Rest-user-agregator/internal/database/database.go:60.38,61.16 1 0
Rest-user-agregator/internal/database/database.go:61.16,64.6 2 0
Rest-user-agregator/internal/database/database.go:65.5,65.33 1 0
Rest-user-agregator/internal/database/database.go:69.22,71.2 1 0
Rest-user-agregator/internal/database/database.go:73.30,74.18 1 0
Rest-user-agregator/internal/database/database.go:74.18,78.6 3 0
Rest-user-agregator/internal/database/database.go:79.5,89.19 2 0
Rest-user-agregator/internal/database/database.go:89.19,92.6 2 0
Rest-user-agregator/internal/database/database.go:93.5,94.15 2 0
Rest-user-agregator/internal/database/database.go:98.29,99.18 1 0
Rest-user-agregator/internal/database/database.go:99.18,103.6 3 0
Rest-user-agregator/internal/database/database.go:104.5,105.19 2 0
Rest-user-agregator/internal/database/database.go:105.19,108.6 2 0
Rest-user-agregator/internal/database/database.go:109.5,110.15 2 0
Rest-user-agregator/internal/database/database.go:113.55,114.18 1 0
Rest-user-agregator/internal/database/database.go:114.18,118.6 3 0
Rest-user-agregator/internal/database/database.go:119.5,120.19 2 0
Rest-user-agregator/internal/database/database.go:120.19,123.6 2 0
Rest-user-agregator/internal/database/database.go:124.5,125.15 2 0
Rest-user-agregator/internal/database/database_CRUDL_func.go:16.143,28.19 4 0
Rest-user-agregator/internal/database/database_CRUDL_func.go:28.19,32.6 2 0
Rest-user-agregator/internal/database/database_CRUDL_func.go:34.5,36.19 2 0
Rest-user-agregator/internal/database/database_CRUDL_func.go:39.102,46.16 7 0
Rest-user-agregator/internal/database/database_CRUDL_func.go:46.16,47.27 1 0
Rest-user-agregator/internal/database/database_CRUDL_func.go:47.27,50.4 2 0
Rest-user-agregator/internal/database/database_CRUDL_func.go:51.3,52.18 2 0
Rest-user-agregator/internal/database/database_CRUDL_func.go:54.1,55.20 2 0
Rest-user-agregator/internal/database/database_CRUDL_func.go:55.20,57.2 1 0
Rest-user-agregator/internal/database/database_CRUDL_func.go:58.1,60.18 2 0
Rest-user-agregator/internal/database/database_CRUDL_func.go:66.136,78.19 3 0
Rest-user-agregator/internal/database/database_CRUDL_func.go:78.19,81.6 2 0
Rest-user-agregator/internal/database/database_CRUDL_func.go:83.5,84.19 2 0
Rest-user-agregator/internal/database/database_CRUDL_func.go:84.19,87.6 2 0
Rest-user-agregator/internal/database/database_CRUDL_func.go:88.5,88.26 1 0
Rest-user-agregator/internal/database/database_CRUDL_func.go:88.26,91.6 2 0
Rest-user-agregator/internal/database/database_CRUDL_func.go:93.5,94.15 2 0
Rest-user-agregator/internal/database/database_CRUDL_func.go:97.77,100.19 3 0
Rest-user-agregator/internal/database/database_CRUDL_func.go:100.19,103.6 2 0
Rest-user-agregator/internal/database/database_CRUDL_func.go:104.5,105.19 2 0
Rest-user-agregator/internal/database/database_CRUDL_func.go:105.19,108.6 2 0
Rest-user-agregator/internal/database/database_CRUDL_func.go:109.5,109.19 1 0
Rest-user-agregator/internal/database/database_CRUDL_func.go:109.19,112.6 2 0
Rest-user-agregator/internal/database/database_CRUDL_func.go:113.3,114.15 2 0
Rest-user-agregator/internal/database/database_CRUDL_func.go:119.112,126.16 3 0
Rest-user-agregator/internal/database/database_CRUDL_func.go:126.16,129.3 2 0
Rest-user-agregator/internal/database/database_CRUDL_func.go:130.2,135.18 5 0
Rest-user-agregator/internal/database/database_CRUDL_func.go:135.18,136.25 1 0
Rest-user-agregator/internal/database/database_CRUDL_func.go:136.25,138.6 1 0
Rest-user-agregator/internal/database/database_CRUDL_func.go:139.3,141.17 3 0
Rest-user-agregator/internal/database/database_CRUDL_func.go:141.17,144.4 2 0
Rest-user-agregator/internal/database/database_CRUDL_func.go:146.1,147.18 2 0
Rest-user-agregator/internal/database/database_CRUDL_func.go:147.18,149.2 1 0
Rest-user-agregator/internal/database/database_CRUDL_func.go:150.3,150.45 1 0
Rest-user-agregator/internal/database/database_CRUDL_func.go:153.5,153.37 1 0
Rest-user-agregator/internal/database/database_CRUDL_func.go:153.37,156.6 2 0
Rest-user-agregator/internal/database/database_CRUDL_func.go:158.5,160.30 2 0
Rest-user-agregator/internal/database/database_CRUDL_func.go:164.129,183.21 3 0
Rest-user-agregator/internal/database/database_CRUDL_func.go:183.21,186.6 2 0
Rest-user-agregator/internal/database/database_CRUDL_func.go:187.5,187.26 1 0
Rest-user-agregator/internal/database/database_CRUDL_func.go:187.26,190.2 2 0
Rest-user-agregator/internal/database/database_CRUDL_func.go:192.5,194.17 3 0
Rest-user-agregator/internal/database/database_CRUDL_func.go:194.17,198.6 2 0
Rest-user-agregator/internal/database/database_CRUDL_func.go:200.5,202.22 2 0
Rest-user-agregator/internal/database/migrations.go:27.28,30.19 2 0
Rest-user-agregator/internal/database/migrations.go:30.19,33.6 2 0
Rest-user-agregator/internal/database/migrations.go:36.5,36.24 1 0
Rest-user-agregator/internal/database/migrations.go:36.24,39.6 2 0
Rest-user-agregator/internal/database/migrations.go:44.5,50.32 3 0
Rest-user-agregator/internal/database/migrations.go:50.32,53.23 2 0
Rest-user-agregator/internal/database/migrations.go:53.23,56.10 2 0
Rest-user-agregator/internal/database/migrations.go:59.1,59.47 1 0
Rest-user-agregator/internal/database/migrations.go:59.47,61.56 1 0
Rest-user-agregator/internal/database/migrations.go:61.56,63.17 2 0
Rest-user-agregator/internal/database/migrations.go:65.5,66.15 2 0
Rest-user-agregator/internal/database/migrations.go:70.9,70.55 1 0
Rest-user-agregator/internal/database/migrations.go:73.5,74.15 2 0
Rest-user-agregator/internal/database/migrations.go:90.33,93.19 2 0
Rest-user-agregator/internal/database/migrations.go:93.19,96.6 2 0
Rest-user-agregator/internal/database/migrations.go:99.5,99.24 1 0
Rest-user-agregator/internal/database/migrations.go:99.24,102.6 2 0
Rest-user-agregator/internal/database/migrations.go:105.5,113.32 3 0
Rest-user-agregator/internal/database/migrations.go:113.32,115.23 2 0
Rest-user-agregator/internal/database/migrations.go:115.23,118.10 2 0
Rest-user-agregator/internal/database/migrations.go:120.9,120.55 1 0
Rest-user-agregator/internal/database/migrations.go:120.55,123.10 2 0
Rest-user-agregator/internal/database/migrations.go:125.9,125.64 1 0
Rest-user-agregator/internal/database/migrations.go:128.5,129.15 2 0
Rest-user-agregator/internal/database/user_repo.go:20.80,24.16 3 0
Rest-user-agregator/internal/database/user_repo.go:24.16,27.3 2 0
Rest-user-agregator/internal/database/user_repo.go:29.2,30.12 2 0
Rest-user-agregator/internal/database/user_repo.go:41.96,50.16 6 0
Rest-user-agregator/internal/database/user_repo.go:50.16,51.36 1 0
Rest-user-agregator/internal/database/user_repo.go:51.36,54.4 2 0
Rest-user-agregator/internal/database/user_repo.go:55.3,56.18 2 0
Rest-user-agregator/internal/database/user_repo.go:59.2,61.19 3 0
Rest-user-agregator/docs/docs.go:416.13,418.2 1 0
Rest-user-agregator/internal/middleware/cors.go:9.61,10.57 1 0
Rest-user-agregator/internal/middleware/cors.go:10.57,12.23 2 0
Rest-user-agregator/internal/middleware/cors.go:12.23,14.10 1 0
Rest-user-agregator/internal/middleware/cors.go:15.9,22.34 6 0
Rest-user-agregator/internal/middleware/cors.go:22.34,25.10 2 0
Rest-user-agregator/internal/middleware/cors.go:26.9,26.19 1 0
Rest-user-agregator/internal/middleware/metrics.go:41.64,42.57 1 0
Rest-user-agregator/internal/middleware/metrics.go:42.57,83.6 6 0
Rest-user-agregator/internal/middleware/metrics.go:104.49,107.2 2 0
Rest-user-agregator/internal/repository/mock.go:26.142,27.25 1 0
Rest-user-agregator/internal/repository/mock.go:27.25,29.3 1 0
Rest-user-agregator/internal/repository/mock.go:30.2,30.47 1 0
Rest-user-agregator/internal/repository/mock.go:33.102,34.29 1 0
Rest-user-agregator/internal/repository/mock.go:34.29,36.3 1 0
Rest-user-agregator/internal/repository/mock.go:37.2,37.53 1 0
Rest-user-agregator/internal/repository/mock.go:40.135,41.28 1 0
Rest-user-agregator/internal/repository/mock.go:41.28,43.3 1 0
Rest-user-agregator/internal/repository/mock.go:44.2,44.47 1 0
Rest-user-agregator/internal/repository/mock.go:47.77,48.28 1 0
Rest-user-agregator/internal/repository/mock.go:48.28,50.3 1 0
Rest-user-agregator/internal/repository/mock.go:51.2,51.47 1 0
Rest-user-agregator/internal/repository/mock.go:54.112,55.26 1 0
Rest-user-agregator/internal/repository/mock.go:55.26,57.3 1 0
Rest-user-agregator/internal/repository/mock.go:58.2,58.50 1 0
Rest-user-agregator/internal/repository/mock.go:61.128,62.31 1 0
Rest-user-agregator/internal/repository/mock.go:62.31,64.3 1 0
Rest-user-agregator/internal/repository/mock.go:65.2,65.53 1 0
Rest-user-agregator/internal/authentication/jwt.go:54.64,57.18 2 1
Rest-user-agregator/internal/authentication/jwt.go:57.18,59.3 1 1
Rest-user-agregator/internal/authentication/jwt.go:62.2,80.43 4 1
Rest-user-agregator/internal/authentication/jwt.go:101.57,104.18 2 1
Rest-user-agregator/internal/authentication/jwt.go:104.18,106.3 1 1
Rest-user-agregator/internal/authentication/jwt.go:109.2,110.101 2 1
Rest-user-agregator/internal/authentication/jwt.go:110.101,113.58 1 1
Rest-user-agregator/internal/authentication/jwt.go:113.58,115.4 1 0
Rest-user-agregator/internal/authentication/jwt.go:117.3,117.29 1 1
Rest-user-agregator/internal/authentication/jwt.go:121.2,121.16 1 1
Rest-user-agregator/internal/authentication/jwt.go:121.16,123.3 1 1
Rest-user-agregator/internal/authentication/jwt.go:126.2,126.18 1 1
Rest-user-agregator/internal/authentication/jwt.go:126.18,128.3 1 0
Rest-user-agregator/internal/authentication/jwt.go:131.2,131.20 1 1
Rest-user-agregator/internal/authentication/jwt.go:146.61,148.16 2 1
Rest-user-agregator/internal/authentication/jwt.go:148.16,150.3 1 1
Rest-user-agregator/internal/authentication/jwt.go:151.2,151.27 1 1
Rest-user-agregator/internal/authentication/middleware.go:23.61,24.54 1 1
Rest-user-agregator/internal/authentication/middleware.go:24.54,26.23 2 1
Rest-user-agregator/internal/authentication/middleware.go:26.23,30.4 3 1
Rest-user-agregator/internal/authentication/middleware.go:32.3,33.45 2 1
Rest-user-agregator/internal/authentication/middleware.go:33.45,37.4 3 1
Rest-user-agregator/internal/authentication/middleware.go:39.3,41.17 3 1
Rest-user-agregator/internal/authentication/middleware.go:41.17,45.4 3 1
Rest-user-agregator/internal/authentication/middleware.go:47.3,52.30 5 1
Rest-user-agregator/internal/authentication/middleware.go:57.44,58.41 1 1
Rest-user-agregator/internal/authentication/middleware.go:58.41,60.3 1 1
Rest-user-agregator/internal/authentication/middleware.go:61.2,61.11 1 1
Rest-user-agregator/internal/database/database.go:17.38,20.16 3 1
Rest-user-agregator/internal/database/database.go:20.16,23.3 2 0
Rest-user-agregator/internal/database/database.go:25.2,26.16 2 1
Rest-user-agregator/internal/database/database.go:26.16,29.3 2 0
Rest-user-agregator/internal/database/database.go:30.2,31.12 2 1
Rest-user-agregator/internal/database/database.go:35.20,36.18 1 0
Rest-user-agregator/internal/database/database.go:36.18,38.6 1 0
Rest-user-agregator/internal/database/database.go:39.5,40.19 2 0
Rest-user-agregator/internal/database/database.go:40.19,43.6 2 0
Rest-user-agregator/internal/database/database.go:44.5,45.15 2 0
Rest-user-agregator/internal/database/database.go:60.38,61.16 1 1
Rest-user-agregator/internal/database/database.go:61.16,64.6 2 0
Rest-user-agregator/internal/database/database.go:65.5,65.33 1 1
Rest-user-agregator/internal/database/database.go:69.22,71.2 1 0
Rest-user-agregator/internal/database/database.go:73.30,74.18 1 1
Rest-user-agregator/internal/database/database.go:74.18,78.6 3 0
Rest-user-agregator/internal/database/database.go:79.5,89.19 2 1
Rest-user-agregator/internal/database/database.go:89.19,92.6 2 0
Rest-user-agregator/internal/database/database.go:93.5,94.15 2 1
Rest-user-agregator/internal/database/database.go:98.29,99.18 1 1
Rest-user-agregator/internal/database/database.go:99.18,103.6 3 0
Rest-user-agregator/internal/database/database.go:104.5,105.19 2 1
Rest-user-agregator/internal/database/database.go:105.19,108.6 2 0
Rest-user-agregator/internal/database/database.go:109.5,110.15 2 1
Rest-user-agregator/internal/database/database.go:113.55,114.18 1 1
Rest-user-agregator/internal/database/database.go:114.18,118.6 3 0
Rest-user-agregator/internal/database/database.go:119.5,120.19 2 1
Rest-user-agregator/internal/database/database.go:120.19,123.6 2 0
Rest-user-agregator/internal/database/database.go:124.5,125.15 2 1
Rest-user-agregator/internal/database/database_CRUDL_func.go:16.143,28.19 4 1
Rest-user-agregator/internal/database/database_CRUDL_func.go:28.19,32.6 2 0
Rest-user-agregator/internal/database/database_CRUDL_func.go:34.5,36.19 2 1
Rest-user-agregator/internal/database/database_CRUDL_func.go:39.102,46.16 7 1
Rest-user-agregator/internal/database/database_CRUDL_func.go:46.16,47.27 1 1
Rest-user-agregator/internal/database/database_CRUDL_func.go:47.27,50.4 2 1
Rest-user-agregator/internal/database/database_CRUDL_func.go:51.3,52.18 2 0
Rest-user-agregator/internal/database/database_CRUDL_func.go:54.1,55.20 2 1
Rest-user-agregator/internal/database/database_CRUDL_func.go:55.20,57.2 1 0
Rest-user-agregator/internal/database/database_CRUDL_func.go:58.1,60.18 2 1
Rest-user-agregator/internal/database/database_CRUDL_func.go:66.136,78.19 3 1
Rest-user-agregator/internal/database/database_CRUDL_func.go:78.19,81.6 2 0
Rest-user-agregator/internal/database/database_CRUDL_func.go:83.5,84.19 2 1
Rest-user-agregator/internal/database/database_CRUDL_func.go:84.19,87.6 2 0
Rest-user-agregator/internal/database/database_CRUDL_func.go:88.5,88.26 1 1
Rest-user-agregator/internal/database/database_CRUDL_func.go:88.26,91.6 2 0
Rest-user-agregator/internal/database/database_CRUDL_func.go:93.5,94.15 2 1
Rest-user-agregator/internal/database/database_CRUDL_func.go:97.77,100.19 3 1
Rest-user-agregator/internal/database/database_CRUDL_func.go:100.19,103.6 2 0
Rest-user-agregator/internal/database/database_CRUDL_func.go:104.5,105.19 2 1
Rest-user-agregator/internal/database/database_CRUDL_func.go:105.19,108.6 2 0
Rest-user-agregator/internal/database/database_CRUDL_func.go:109.5,109.19 1 1
Rest-user-agregator/internal/database/database_CRUDL_func.go:109.19,112.6 2 0
Rest-user-agregator/internal/database/database_CRUDL_func.go:113.3,114.15 2 1
Rest-user-agregator/internal/database/database_CRUDL_func.go:119.112,126.16 3 1
Rest-user-agregator/internal/database/database_CRUDL_func.go:126.16,129.3 2 0
Rest-user-agregator/internal/database/database_CRUDL_func.go:130.2,135.18 5 1
Rest-user-agregator/internal/database/database_CRUDL_func.go:135.18,136.25 1 1
Rest-user-agregator/internal/database/database_CRUDL_func.go:136.25,138.6 1 0
Rest-user-agregator/internal/database/database_CRUDL_func.go:139.3,141.17 3 1
Rest-user-agregator/internal/database/database_CRUDL_func.go:141.17,144.4 2 0
Rest-user-agregator/internal/database/database_CRUDL_func.go:146.1,147.18 2 1
Rest-user-agregator/internal/database/database_CRUDL_func.go:147.18,149.2 1 1
Rest-user-agregator/internal/database/database_CRUDL_func.go:150.3,150.45 1 1
Rest-user-agregator/internal/database/database_CRUDL_func.go:153.5,153.37 1 1
Rest-user-agregator/internal/database/database_CRUDL_func.go:153.37,156.6 2 0
Rest-user-agregator/internal/database/database_CRUDL_func.go:158.5,160.30 2 1
Rest-user-agregator/internal/database/database_CRUDL_func.go:164.129,183.21 3 1
Rest-user-agregator/internal/database/database_CRUDL_func.go:183.21,186.6 2 1
Rest-user-agregator/internal/database/database_CRUDL_func.go:187.5,187.26 1 1
Rest-user-agregator/internal/database/database_CRUDL_func.go:187.26,190.2 2 1
Rest-user-agregator/internal/database/database_CRUDL_func.go:192.5,194.17 3 1
Rest-user-agregator/internal/database/database_CRUDL_func.go:194.17,198.6 2 0
Rest-user-agregator/internal/database/database_CRUDL_func.go:200.5,202.22 2 1
Rest-user-agregator/internal/database/migrations.go:27.28,30.19 2 0
Rest-user-agregator/internal/database/migrations.go:30.19,33.6 2 0
Rest-user-agregator/internal/database/migrations.go:36.5,36.24 1 0
Rest-user-agregator/internal/database/migrations.go:36.24,39.6 2 0
Rest-user-agregator/internal/database/migrations.go:44.5,50.32 3 0
Rest-user-agregator/internal/database/migrations.go:50.32,53.23 2 0
Rest-user-agregator/internal/database/migrations.go:53.23,56.10 2 0
Rest-user-agregator/internal/database/migrations.go:59.1,59.47 1 0
Rest-user-agregator/internal/database/migrations.go:59.47,61.56 1 0
Rest-user-agregator/internal/database/migrations.go:61.56,63.17 2 0
Rest-user-agregator/internal/database/migrations.go:65.5,66.15 2 0
Rest-user-agregator/internal/database/migrations.go:70.9,70.55 1 0
Rest-user-agregator/internal/database/migrations.go:73.5,74.15 2 0
Rest-user-agregator/internal/database/migrations.go:90.33,93.19 2 0
Rest-user-agregator/internal/database/migrations.go:93.19,96.6 2 0
Rest-user-agregator/internal/database/migrations.go:99.5,99.24 1 0
Rest-user-agregator/internal/database/migrations.go:99.24,102.6 2 0
Rest-user-agregator/internal/database/migrations.go:105.5,113.32 3 0
Rest-user-agregator/internal/database/migrations.go:113.32,115.23 2 0
Rest-user-agregator/internal/database/migrations.go:115.23,118.10 2 0
Rest-user-agregator/internal/database/migrations.go:120.9,120.55 1 0
Rest-user-agregator/internal/database/migrations.go:120.55,123.10 2 0
Rest-user-agregator/internal/database/migrations.go:125.9,125.64 1 0
Rest-user-agregator/internal/database/migrations.go:128.5,129.15 2 0
Rest-user-agregator/internal/database/user_repo.go:20.80,24.16 3 0
Rest-user-agregator/internal/database/user_repo.go:24.16,27.3 2 0
Rest-user-agregator/internal/database/user_repo.go:29.2,30.12 2 0
Rest-user-agregator/internal/database/user_repo.go:41.96,50.16 6 0
Rest-user-agregator/internal/database/user_repo.go:50.16,51.36 1 0
Rest-user-agregator/internal/database/user_repo.go:51.36,54.4 2 0
Rest-user-agregator/internal/database/user_repo.go:55.3,56.18 2 0
Rest-user-agregator/internal/database/user_repo.go:59.2,61.19 3 0
Rest-user-agregator/internal/handlers/auth.go:18.79,21.43 2 0
Rest-user-agregator/internal/handlers/auth.go:21.43,25.3 3 0
Rest-user-agregator/internal/handlers/auth.go:28.2,28.43 1 0
Rest-user-agregator/internal/handlers/auth.go:28.43,32.3 3 0
Rest-user-agregator/internal/handlers/auth.go:35.2,35.20 1 0
Rest-user-agregator/internal/handlers/auth.go:35.20,37.3 1 0
Rest-user-agregator/internal/handlers/auth.go:40.2,41.16 2 0
Rest-user-agregator/internal/handlers/auth.go:41.16,43.43 1 0
Rest-user-agregator/internal/handlers/auth.go:43.43,47.4 3 0
Rest-user-agregator/internal/handlers/auth.go:49.3,51.9 3 0
Rest-user-agregator/internal/handlers/auth.go:55.2,58.4 2 0
Rest-user-agregator/internal/handlers/auth.go:68.72,71.43 2 0
Rest-user-agregator/internal/handlers/auth.go:71.43,75.3 3 0
Rest-user-agregator/internal/handlers/auth.go:78.2,79.43 2 0
Rest-user-agregator/internal/handlers/auth.go:79.43,83.3 3 0
Rest-user-agregator/internal/handlers/auth.go:86.2,87.16 2 0
Rest-user-agregator/internal/handlers/auth.go:87.16,91.3 3 0
Rest-user-agregator/internal/handlers/auth.go:94.2,99.4 2 0
Rest-user-agregator/internal/handlers/handlers_api.go:33.90,38.2 1 1
Rest-user-agregator/internal/handlers/handlers_api.go:50.85,52.20 2 1
Rest-user-agregator/internal/handlers/handlers_api.go:52.20,55.2 2 0
Rest-user-agregator/internal/handlers/handlers_api.go:56.2,60.16 4 1
Rest-user-agregator/internal/handlers/handlers_api.go:60.16,64.3 3 1
Rest-user-agregator/internal/handlers/handlers_api.go:67.2,68.16 2 1
Rest-user-agregator/internal/handlers/handlers_api.go:68.16,72.3 3 1
Rest-user-agregator/internal/handlers/handlers_api.go:75.5,76.16 2 1
Rest-user-agregator/internal/handlers/handlers_api.go:76.16,81.3 3 0
Rest-user-agregator/internal/handlers/handlers_api.go:83.2,85.60 2 1
Rest-user-agregator/internal/handlers/handlers_api.go:104.82,110.19 4 1
Rest-user-agregator/internal/handlers/handlers_api.go:110.19,114.6 3 1
Rest-user-agregator/internal/handlers/handlers_api.go:117.5,118.19 2 1
Rest-user-agregator/internal/handlers/handlers_api.go:118.19,122.6 3 0
Rest-user-agregator/internal/handlers/handlers_api.go:123.5,123.19 1 1
Rest-user-agregator/internal/handlers/handlers_api.go:123.19,127.6 3 1
Rest-user-agregator/internal/handlers/handlers_api.go:130.5,131.37 2 1
Rest-user-agregator/internal/handlers/handlers_api.go:145.85,147.20 2 1
Rest-user-agregator/internal/handlers/handlers_api.go:147.20,150.2 2 0
Rest-user-agregator/internal/handlers/handlers_api.go:151.2,156.16 5 1
Rest-user-agregator/internal/handlers/handlers_api.go:156.16,160.3 3 1
Rest-user-agregator/internal/handlers/handlers_api.go:161.2,164.16 3 1
Rest-user-agregator/internal/handlers/handlers_api.go:164.16,168.3 3 0
Rest-user-agregator/internal/handlers/handlers_api.go:171.2,172.16 2 1
Rest-user-agregator/internal/handlers/handlers_api.go:172.16,176.3 3 0
Rest-user-agregator/internal/handlers/handlers_api.go:178.2,179.15 2 1
Rest-user-agregator/internal/handlers/handlers_api.go:179.15,180.29 1 0
Rest-user-agregator/internal/handlers/handlers_api.go:180.29,183.6 2 0
Rest-user-agregator/internal/handlers/handlers_api.go:183.11,186.6 2 0
Rest-user-agregator/internal/handlers/handlers_api.go:187.5,187.11 1 0
Rest-user-agregator/internal/handlers/handlers_api.go:190.2,191.69 2 1
Rest-user-agregator/internal/handlers/handlers_api.go:210.85,212.20 2 1
Rest-user-agregator/internal/handlers/handlers_api.go:212.20,215.2 2 0
Rest-user-agregator/internal/handlers/handlers_api.go:216.5,221.19 4 1
Rest-user-agregator/internal/handlers/handlers_api.go:221.19,225.6 3 1
Rest-user-agregator/internal/handlers/handlers_api.go:228.5,229.19 2 1
Rest-user-agregator/internal/handlers/handlers_api.go:229.19,230.33 1 0
Rest-user-agregator/internal/handlers/handlers_api.go:230.33,233.10 2 0
Rest-user-agregator/internal/handlers/handlers_api.go:233.15,236.10 2 0
Rest-user-agregator/internal/handlers/handlers_api.go:237.9,237.15 1 0
Rest-user-agregator/internal/handlers/handlers_api.go:241.5,242.72 2 1
Rest-user-agregator/internal/handlers/handlers_api.go:261.84,269.23 5 1
Rest-user-agregator/internal/handlers/handlers_api.go:269.23,271.23 2 1
Rest-user-agregator/internal/handlers/handlers_api.go:271.23,275.10 3 0
Rest-user-agregator/internal/handlers/handlers_api.go:276.9,276.23 1 1
Rest-user-agregator/internal/handlers/handlers_api.go:276.23,278.10 1 1
Rest-user-agregator/internal/handlers/handlers_api.go:281.5,282.24 2 1
Rest-user-agregator/internal/handlers/handlers_api.go:282.24,284.23 2 1
Rest-user-agregator/internal/handlers/handlers_api.go:284.23,288.10 3 0
Rest-user-agregator/internal/handlers/handlers_api.go:289.9,289.23 1 1
Rest-user-agregator/internal/handlers/handlers_api.go:289.23,293.10 3 0
Rest-user-agregator/internal/handlers/handlers_api.go:294.9,294.24 1 1
Rest-user-agregator/internal/handlers/handlers_api.go:298.5,299.19 2 1
Rest-user-agregator/internal/handlers/handlers_api.go:299.19,303.6 3 0
Rest-user-agregator/internal/handlers/handlers_api.go:306.5,308.38 2 1
Rest-user-agregator/internal/handlers/handlers_api.go:324.78,336.15 8 1
Rest-user-agregator/internal/handlers/handlers_api.go:336.15,337.47 1 1
Rest-user-agregator/internal/handlers/handlers_api.go:337.47,340.6 2 1
Rest-user-agregator/internal/handlers/handlers_api.go:340.11,343.6 2 0
Rest-user-agregator/internal/handlers/handlers_api.go:344.5,344.11 1 1
Rest-user-agregator/internal/handlers/handlers_api.go:347.1,348.61 2 1
Rest-user-agregator/internal/handlers/helpers.go:18.49,21.2 2 1
Rest-user-agregator/internal/handlers/helpers.go:24.61,28.16 4 1
Rest-user-agregator/internal/handlers/helpers.go:28.16,30.3 1 0
Rest-user-agregator/internal/handlers/helpers.go:34.72,36.2 1 1
Rest-user-agregator/internal/handlers/helpers.go:39.36,41.21 2 1
Rest-user-agregator/internal/handlers/helpers.go:41.21,43.3 1 1
Rest-user-agregator/internal/handlers/helpers.go:44.2,45.16 2 1
Rest-user-agregator/internal/handlers/helpers.go:45.16,47.3 1 1
Rest-user-agregator/internal/handlers/helpers.go:48.2,49.16 2 1
Rest-user-agregator/internal/handlers/helpers.go:49.16,51.3 1 0
Rest-user-agregator/internal/handlers/helpers.go:53.2,53.29 1 1
Rest-user-agregator/internal/handlers/helpers.go:53.29,55.3 1 1
Rest-user-agregator/internal/handlers/helpers.go:56.2,56.32 1 1
Rest-user-agregator/internal/handlers/helpers.go:56.32,58.3 1 1
Rest-user-agregator/internal/handlers/helpers.go:59.2,59.13 1 1
Rest-user-agregator/internal/handlers/helpers.go:63.58,64.27 1 1
Rest-user-agregator/internal/handlers/helpers.go:64.27,66.3 1 1
Rest-user-agregator/internal/handlers/helpers.go:67.2,67.19 1 1
Rest-user-agregator/internal/handlers/helpers.go:67.19,69.3 1 1
Rest-user-agregator/internal/handlers/helpers.go:70.2,70.22 1 1
Rest-user-agregator/internal/handlers/helpers.go:70.22,72.3 1 1
Rest-user-agregator/internal/handlers/helpers.go:73.3,74.17 2 1
Rest-user-agregator/internal/handlers/helpers.go:74.17,76.3 1 1
Rest-user-agregator/internal/handlers/helpers.go:77.2,77.33 1 1
Rest-user-agregator/internal/handlers/helpers.go:77.33,79.3 1 1
Rest-user-agregator/internal/handlers/helpers.go:80.2,80.52 1 1
Rest-user-agregator/internal/handlers/helpers.go:80.52,82.3 1 1
Rest-user-agregator/internal/handlers/helpers.go:83.2,83.12 1 1
Rest-user-agregator/internal/handlers/helpers.go:94.57,97.2 2 0
Rest-user-agregator/internal/handlers/helpers.go:98.64,99.57 1 0
Rest-user-agregator/internal/handlers/helpers.go:99.57,104.6 4 0
Rest-user-agregator/internal/handlers/helpers.go:108.60,110.2 1 0
Rest-user-agregator/internal/repository/mock.go:26.142,27.25 1 1
Rest-user-agregator/internal/repository/mock.go:27.25,29.3 1 1
Rest-user-agregator/internal/repository/mock.go:30.2,30.47 1 0
Rest-user-agregator/internal/repository/mock.go:33.102,34.29 1 1
Rest-user-agregator/internal/repository/mock.go:34.29,36.3 1 1
Rest-user-agregator/internal/repository/mock.go:37.2,37.53 1 0
Rest-user-agregator/internal/repository/mock.go:40.135,41.28 1 1
Rest-user-agregator/internal/repository/mock.go:41.28,43.3 1 1
Rest-user-agregator/internal/repository/mock.go:44.2,44.47 1 0
Rest-user-agregator/internal/repository/mock.go:47.77,48.28 1 1
Rest-user-agregator/internal/repository/mock.go:48.28,50.3 1 1
Rest-user-agregator/internal/repository/mock.go:51.2,51.47 1 0
Rest-user-agregator/internal/repository/mock.go:54.112,55.26 1 1
Rest-user-agregator/internal/repository/mock.go:55.26,57.3 1 1
Rest-user-agregator/internal/repository/mock.go:58.2,58.50 1 0
Rest-user-agregator/internal/repository/mock.go:61.128,62.31 1 1
Rest-user-agregator/internal/repository/mock.go:62.31,64.3 1 1
Rest-user-agregator/internal/repository/mock.go:65.2,65.53 1 0
Rest-user-agregator/cmd/api/main.go:41.13,42.30 1 0
Rest-user-agregator/cmd/api/main.go:42.30,44.3 1 0
Rest-user-agregator/cmd/api/main.go:60.18,66.33 3 1
Rest-user-agregator/cmd/api/main.go:66.33,68.3 1 1
Rest-user-agregator/cmd/api/main.go:70.1,70.14 1 0
Rest-user-agregator/cmd/api/main.go:70.14,71.44 1 0
Rest-user-agregator/cmd/api/main.go:71.44,73.6 1 0
Rest-user-agregator/cmd/api/main.go:78.2,78.40 1 0
Rest-user-agregator/cmd/api/main.go:78.40,80.3 1 0
Rest-user-agregator/cmd/api/main.go:83.2,83.38 1 0
Rest-user-agregator/cmd/api/main.go:83.38,85.3 1 0
Rest-user-agregator/cmd/api/main.go:87.2,87.12 1 0
Rest-user-agregator/cmd/api/main.go:95.16,96.46 1 1
Rest-user-agregator/cmd/api/main.go:96.46,98.3 1 1
Rest-user-agregator/cmd/api/main.go:98.8,101.3 2 0
Rest-user-agregator/cmd/api/main.go:105.19,108.20 3 1
Rest-user-agregator/cmd/api/main.go:108.20,110.3 1 0
Rest-user-agregator/cmd/api/main.go:112.2,112.19 1 1
Rest-user-agregator/cmd/api/main.go:112.19,113.35 1 0
Rest-user-agregator/cmd/api/main.go:113.35,116.4 1 0
Rest-user-agregator/cmd/api/main.go:116.9,118.4 1 0
Rest-user-agregator/cmd/api/main.go:120.2,121.49 2 1
Rest-user-agregator/cmd/api/main.go:125.21,127.24 2 1
Rest-user-agregator/cmd/api/main.go:127.24,130.3 2 0
Rest-user-agregator/cmd/api/main.go:134.2,134.34 1 1
Rest-user-agregator/cmd/api/main.go:134.34,138.3 2 0
Rest-user-agregator/cmd/api/main.go:138.8,142.3 2 1
Rest-user-agregator/cmd/api/main.go:144.2,145.16 2 1
Rest-user-agregator/cmd/api/main.go:145.16,148.3 2 1
Rest-user-agregator/cmd/api/main.go:149.2,149.12 1 1
Rest-user-agregator/cmd/api/main.go:153.28,154.22 1 0
Rest-user-agregator/cmd/api/main.go:154.22,156.3 1 0
Rest-user-agregator/cmd/api/main.go:157.2,157.26 1 0
Rest-user-agregator/cmd/api/main.go:161.26,207.136 9 0
Rest-user-agregator/cmd/api/main.go:207.136,209.16 2 0
Rest-user-agregator/cmd/api/main.go:209.16,211.3 1 0
Rest-user-agregator/cmd/api/main.go:212.2,216.58 3 0
Rest-user-agregator/cmd/api/main.go:216.58,219.3 2 0
Rest-user-agregator/cmd/api/main.go:238.2,303.67 11 0
Rest-user-agregator/cmd/api/main.go:303.67,309.3 1 0
Rest-user-agregator/cmd/api/main.go:315.2,316.16 2 0
Rest-user-agregator/cmd/api/main.go:316.16,319.3 2 0
Rest-user-agregator/cmd/api/main.go:321.2,329.12 2 0
Rest-user-agregator/cmd/api/main.go:329.12,331.80 2 0
Rest-user-agregator/cmd/api/main.go:331.80,334.4 2 0
Rest-user-agregator/cmd/api/main.go:340.2,350.42 7 0
Rest-user-agregator/cmd/api/main.go:350.42,353.3 2 0
Rest-user-agregator/cmd/api/main.go:355.2,356.12 2 0
Rest-user-agregator/cmd/api/main.go:360.28,362.2 1 0
Rest-user-agregator/cmd/api/main.go:363.33,364.54 1 0
Rest-user-agregator/cmd/api/main.go:364.54,366.3 1 0
Rest-user-agregator/cmd/api/main.go:367.2,368.12 2 0
Rest-user-agregator/cmd/api/main.go:370.30,371.49 1 0
Rest-user-agregator/cmd/api/main.go:371.49,373.3 1 0
Rest-user-agregator/cmd/api/main.go:374.2,374.12 1 0
Rest-user-agregator/docs/docs.go:416.13,418.2 1 1
Rest-user-agregator/internal/database/database.go:17.38,20.16 3 1
Rest-user-agregator/internal/database/database.go:20.16,23.3 2 0
Rest-user-agregator/internal/database/database.go:25.2,26.16 2 1
Rest-user-agregator/internal/database/database.go:26.16,29.3 2 1
Rest-user-agregator/internal/database/database.go:30.2,31.12 2 1
Rest-user-agregator/internal/database/database.go:35.20,36.18 1 0
Rest-user-agregator/internal/database/database.go:36.18,38.6 1 0
Rest-user-agregator/internal/database/database.go:39.5,40.19 2 0
Rest-user-agregator/internal/database/database.go:40.19,43.6 2 0
Rest-user-agregator/internal/database/database.go:44.5,45.15 2 0
Rest-user-agregator/internal/database/database.go:60.38,61.16 1 0
Rest-user-agregator/internal/database/database.go:61.16,64.6 2 0
Rest-user-agregator/internal/database/database.go:65.5,65.33 1 0
Rest-user-agregator/internal/database/database.go:69.22,71.2 1 0
Rest-user-agregator/internal/database/database.go:73.30,74.18 1 0
Rest-user-agregator/internal/database/database.go:74.18,78.6 3 0
Rest-user-agregator/internal/database/database.go:79.5,89.19 2 0
Rest-user-agregator/internal/database/database.go:89.19,92.6 2 0
Rest-user-agregator/internal/database/database.go:93.5,94.15 2 0
Rest-user-agregator/internal/database/database.go:98.29,99.18 1 0
Rest-user-agregator/internal/database/database.go:99.18,103.6 3 0
Rest-user-agregator/internal/database/database.go:104.5,105.19 2 0
Rest-user-agregator/internal/database/database.go:105.19,108.6 2 0
Rest-user-agregator/internal/database/database.go:109.5,110.15 2 0
Rest-user-agregator/internal/database/database.go:113.55,114.18 1 0
Rest-user-agregator/internal/database/database.go:114.18,118.6 3 0
Rest-user-agregator/internal/database/database.go:119.5,120.19 2 0
Rest-user-agregator/internal/database/database.go:120.19,123.6 2 0
Rest-user-agregator/internal/database/database.go:124.5,125.15 2 0
Rest-user-agregator/internal/database/database_CRUDL_func.go:16.143,28.19 4 0
Rest-user-agregator/internal/database/database_CRUDL_func.go:28.19,32.6 2 0
Rest-user-agregator/internal/database/database_CRUDL_func.go:34.5,36.19 2 0
Rest-user-agregator/internal/database/database_CRUDL_func.go:39.102,46.16 7 0
Rest-user-agregator/internal/database/database_CRUDL_func.go:46.16,47.27 1 0
Rest-user-agregator/internal/database/database_CRUDL_func.go:47.27,50.4 2 0
Rest-user-agregator/internal/database/database_CRUDL_func.go:51.3,52.18 2 0
Rest-user-agregator/internal/database/database_CRUDL_func.go:54.1,55.20 2 0
Rest-user-agregator/internal/database/database_CRUDL_func.go:55.20,57.2 1 0
Rest-user-agregator/internal/database/database_CRUDL_func.go:58.1,60.18 2 0
Rest-user-agregator/internal/database/database_CRUDL_func.go:66.136,78.19 3 0
Rest-user-agregator/internal/database/database_CRUDL_func.go:78.19,81.6 2 0
Rest-user-agregator/internal/database/database_CRUDL_func.go:83.5,84.19 2 0
Rest-user-agregator/internal/database/database_CRUDL_func.go:84.19,87.6 2 0
Rest-user-agregator/internal/database/database_CRUDL_func.go:88.5,88.26 1 0
Rest-user-agregator/internal/database/database_CRUDL_func.go:88.26,91.6 2 0
Rest-user-agregator/internal/database/database_CRUDL_func.go:93.5,94.15 2 0
Rest-user-agregator/internal/database/database_CRUDL_func.go:97.77,100.19 3 0
Rest-user-agregator/internal/database/database_CRUDL_func.go:100.19,103.6 2 0
Rest-user-agregator/internal/database/database_CRUDL_func.go:104.5,105.19 2 0
Rest-user-agregator/internal/database/database_CRUDL_func.go:105.19,108.6 2 0
Rest-user-agregator/internal/database/database_CRUDL_func.go:109.5,109.19 1 0
Rest-user-agregator/internal/database/database_CRUDL_func.go:109.19,112.6 2 0
Rest-user-agregator/internal/database/database_CRUDL_func.go:113.3,114.15 2 0
Rest-user-agregator/internal/database/database_CRUDL_func.go:119.112,126.16 3 0
Rest-user-agregator/internal/database/database_CRUDL_func.go:126.16,129.3 2 0
Rest-user-agregator/internal/database/database_CRUDL_func.go:130.2,135.18 5 0
Rest-user-agregator/internal/database/database_CRUDL_func.go:135.18,136.25 1 0
Rest-user-agregator/internal/database/database_CRUDL_func.go:136.25,138.6 1 0
Rest-user-agregator/internal/database/database_CRUDL_func.go:139.3,141.17 3 0
Rest-user-agregator/internal/database/database_CRUDL_func.go:141.17,144.4 2 0
Rest-user-agregator/internal/database/database_CRUDL_func.go:146.1,147.18 2 0
Rest-user-agregator/internal/database/database_CRUDL_func.go:147.18,149.2 1 0
Rest-user-agregator/internal/database/database_CRUDL_func.go:150.3,150.45 1 0
Rest-user-agregator/internal/database/database_CRUDL_func.go:153.5,153.37 1 0
Rest-user-agregator/internal/database/database_CRUDL_func.go:153.37,156.6 2 0
Rest-user-agregator/internal/database/database_CRUDL_func.go:158.5,160.30 2 0
Rest-user-agregator/internal/database/database_CRUDL_func.go:164.129,183.21 3 0
Rest-user-agregator/internal/database/database_CRUDL_func.go:183.21,186.6 2 0
Rest-user-agregator/internal/database/database_CRUDL_func.go:187.5,187.26 1 0
Rest-user-agregator/internal/database/database_CRUDL_func.go:187.26,190.2 2 0
Rest-user-agregator/internal/database/database_CRUDL_func.go:192.5,194.17 3 0
Rest-user-agregator/internal/database/database_CRUDL_func.go:194.17,198.6 2 0
Rest-user-agregator/internal/database/database_CRUDL_func.go:200.5,202.22 2 0
Rest-user-agregator/internal/database/migrations.go:27.28,30.19 2 0
Rest-user-agregator/internal/database/migrations.go:30.19,33.6 2 0
Rest-user-agregator/internal/database/migrations.go:36.5,36.24 1 0
Rest-user-agregator/internal/database/migrations.go:36.24,39.6 2 0
Rest-user-agregator/internal/database/migrations.go:44.5,50.32 3 0
Rest-user-agregator/internal/database/migrations.go:50.32,53.23 2 0
Rest-user-agregator/internal/database/migrations.go:53.23,56.10 2 0
Rest-user-agregator/internal/database/migrations.go:59.1,59.47 1 0
Rest-user-agregator/internal/database/migrations.go:59.47,61.56 1 0
Rest-user-agregator/internal/database/migrations.go:61.56,63.17 2 0
Rest-user-agregator/internal/database/migrations.go:65.5,66.15 2 0
Rest-user-agregator/internal/database/migrations.go:70.9,70.55 1 0
Rest-user-agregator/internal/database/migrations.go:73.5,74.15 2 0
Rest-user-agregator/internal/database/migrations.go:90.33,93.19 2 0
Rest-user-agregator/internal/database/migrations.go:93.19,96.6 2 0
Rest-user-agregator/internal/database/migrations.go:99.5,99.24 1 0
Rest-user-agregator/internal/database/migrations.go:99.24,102.6 2 0
Rest-user-agregator/internal/database/migrations.go:105.5,113.32 3 0
Rest-user-agregator/internal/database/migrations.go:113.32,115.23 2 0
Rest-user-agregator/internal/database/migrations.go:115.23,118.10 2 0
Rest-user-agregator/internal/database/migrations.go:120.9,120.55 1 0
Rest-user-agregator/internal/database/migrations.go:120.55,123.10 2 0
Rest-user-agregator/internal/database/migrations.go:125.9,125.64 1 0
Rest-user-agregator/internal/database/migrations.go:128.5,129.15 2 0
Rest-user-agregator/internal/database/user_repo.go:20.80,24.16 3 0
Rest-user-agregator/internal/database/user_repo.go:24.16,27.3 2 0
Rest-user-agregator/internal/database/user_repo.go:29.2,30.12 2 0
Rest-user-agregator/internal/database/user_repo.go:41.96,50.16 6 0
Rest-user-agregator/internal/database/user_repo.go:50.16,51.36 1 0
Rest-user-agregator/internal/database/user_repo.go:51.36,54.4 2 0
Rest-user-agregator/internal/database/user_repo.go:55.3,56.18 2 0
Rest-user-agregator/internal/database/user_repo.go:59.2,61.19 3 0
Rest-user-agregator/internal/middleware/cors.go:9.61,10.57 1 0
Rest-user-agregator/internal/middleware/cors.go:10.57,12.23 2 0
Rest-user-agregator/internal/middleware/cors.go:12.23,14.10 1 0
Rest-user-agregator/internal/middleware/cors.go:15.9,22.34 6 0
Rest-user-agregator/internal/middleware/cors.go:22.34,25.10 2 0
Rest-user-agregator/internal/middleware/cors.go:26.9,26.19 1 0
Rest-user-agregator/internal/middleware/metrics.go:41.64,42.57 1 0
Rest-user-agregator/internal/middleware/metrics.go:42.57,83.6 6 0
Rest-user-agregator/internal/middleware/metrics.go:104.49,107.2 2 0
Rest-user-agregator/internal/repository/mock.go:26.142,27.25 1 0
Rest-user-agregator/internal/repository/mock.go:27.25,29.3 1 0
Rest-user-agregator/internal/repository/mock.go:30.2,30.47 1 0
Rest-user-agregator/internal/repository/mock.go:33.102,34.29 1 0
Rest-user-agregator/internal/repository/mock.go:34.29,36.3 1 0
Rest-user-agregator/internal/repository/mock.go:37.2,37.53 1 0
Rest-user-agregator/internal/repository/mock.go:40.135,41.28 1 0
Rest-user-agregator/internal/repository/mock.go:41.28,43.3 1 0
Rest-user-agregator/internal/repository/mock.go:44.2,44.47 1 0
Rest-user-agregator/internal/repository/mock.go:47.77,48.28 1 0
Rest-user-agregator/internal/repository/mock.go:48.28,50.3 1 0
Rest-user-agregator/internal/repository/mock.go:51.2,51.47 1 0
Rest-user-agregator/internal/repository/mock.go:54.112,55.26 1 0
Rest-user-agregator/internal/repository/mock.go:55.26,57.3 1 0
Rest-user-agregator/internal/repository/mock.go:58.2,58.50 1 0
Rest-user-agregator/internal/repository/mock.go:61.128,62.31 1 0
Rest-user-agregator/internal/repository/mock.go:62.31,64.3 1 0
Rest-user-agregator/internal/repository/mock.go:65.2,65.53 1 0
Rest-user-agregator/internal/repository/mock.go:26.142,27.25 1 0
Rest-user-agregator/internal/repository/mock.go:27.25,29.3 1 0
Rest-user-agregator/internal/repository/mock.go:30.2,30.47 1 0
Rest-user-agregator/internal/repository/mock.go:33.102,34.29 1 0
Rest-user-agregator/internal/repository/mock.go:34.29,36.3 1 0
Rest-user-agregator/internal/repository/mock.go:37.2,37.53 1 0
Rest-user-agregator/internal/repository/mock.go:40.135,41.28 1 0
Rest-user-agregator/internal/repository/mock.go:41.28,43.3 1 0
Rest-user-agregator/internal/repository/mock.go:44.2,44.47 1 0
Rest-user-agregator/internal/repository/mock.go:47.77,48.28 1 0
Rest-user-agregator/internal/repository/mock.go:48.28,50.3 1 0
Rest-user-agregator/internal/repository/mock.go:51.2,51.47 1 0
Rest-user-agregator/internal/repository/mock.go:54.112,55.26 1 0
Rest-user-agregator/internal/repository/mock.go:55.26,57.3 1 0
Rest-user-agregator/internal/repository/mock.go:58.2,58.50 1 0
Rest-user-agregator/internal/repository/mock.go:61.128,62.31 1 0
Rest-user-agregator/internal/repository/mock.go:62.31,64.3 1 0
Rest-user-agregator/internal/repository/mock.go:65.2,65.53 1 0
Rest-user-agregator/internal/service/auth_service.go:28.66,30.2 1 1
Rest-user-agregator/internal/service/auth_service.go:58.89,60.17 1 1
Rest-user-agregator/internal/service/auth_service.go:60.17,63.3 2 1
Rest-user-agregator/internal/service/auth_service.go:64.2,64.20 1 1
Rest-user-agregator/internal/service/auth_service.go:64.20,67.3 2 1
Rest-user-agregator/internal/service/auth_service.go:68.2,68.23 1 1
Rest-user-agregator/internal/service/auth_service.go:68.23,71.3 2 1
Rest-user-agregator/internal/service/auth_service.go:74.2,75.16 2 1
Rest-user-agregator/internal/service/auth_service.go:75.16,78.3 2 1
Rest-user-agregator/internal/service/auth_service.go:79.2,79.21 1 1
Rest-user-agregator/internal/service/auth_service.go:79.21,82.3 2 1
Rest-user-agregator/internal/service/auth_service.go:85.2,86.16 2 1
Rest-user-agregator/internal/service/auth_service.go:86.16,89.3 2 0
Rest-user-agregator/internal/service/auth_service.go:92.2,92.16 1 1
Rest-user-agregator/internal/service/auth_service.go:92.16,94.3 1 1
Rest-user-agregator/internal/service/auth_service.go:96.5,96.24 1 1
Rest-user-agregator/internal/service/auth_service.go:96.24,99.4 2 0
Rest-user-agregator/internal/service/auth_service.go:101.2,109.53 2 1
Rest-user-agregator/internal/service/auth_service.go:109.53,112.3 2 0
Rest-user-agregator/internal/service/auth_service.go:114.2,115.12 2 1
Rest-user-agregator/internal/service/auth_service.go:140.98,142.17 1 1
Rest-user-agregator/internal/service/auth_service.go:142.17,145.3 2 1
Rest-user-agregator/internal/service/auth_service.go:146.2,146.20 1 1
Rest-user-agregator/internal/service/auth_service.go:146.20,149.3 2 1
Rest-user-agregator/internal/service/auth_service.go:152.2,153.16 2 1
Rest-user-agregator/internal/service/auth_service.go:153.16,156.3 2 1
Rest-user-agregator/internal/service/auth_service.go:157.2,157.17 1 1
Rest-user-agregator/internal/service/auth_service.go:157.17,160.3 2 1
Rest-user-agregator/internal/service/auth_service.go:163.2,163.95 1 1
Rest-user-agregator/internal/service/auth_service.go:163.95,166.3 2 1
Rest-user-agregator/internal/service/auth_service.go:169.2,170.16 2 1
Rest-user-agregator/internal/service/auth_service.go:170.16,173.3 2 0
Rest-user-agregator/internal/service/auth_service.go:175.2,176.30 2 1
Rest-user-agregator/internal/service/subscription_service.go:17.90,19.2 1 0
Rest-user-agregator/internal/service/subscription_service.go:32.126,37.19 4 0
Rest-user-agregator/internal/service/subscription_service.go:37.19,40.6 2 0
Rest-user-agregator/internal/service/subscription_service.go:42.5,43.19 2 0
Rest-user-agregator/internal/service/subscription_service.go:43.19,46.6 2 0
Rest-user-agregator/internal/service/subscription_service.go:49.5,49.77 1 0
Rest-user-agregator/internal/service/subscription_service.go:49.77,52.6 2 0
Rest-user-agregator/internal/service/subscription_service.go:55.5,55.89 1 0
Rest-user-agregator/internal/service/subscription_service.go:65.110,69.19 4 0
Rest-user-agregator/internal/service/subscription_service.go:69.19,71.6 1 0
Rest-user-agregator/internal/service/subscription_service.go:73.5,74.26 2 0
Rest-user-agregator/internal/service/subscription_service.go:74.26,76.23 2 0
Rest-user-agregator/internal/service/subscription_service.go:76.23,78.10 1 0
Rest-user-agregator/internal/service/subscription_service.go:79.9,79.26 1 0
Rest-user-agregator/internal/service/subscription_service.go:82.5,82.67 1 0
Rest-user-agregator/internal/service/subscription_service.go:92.102,96.19 4 0
Rest-user-agregator/internal/service/subscription_service.go:96.19,98.6 1 0
Rest-user-agregator/internal/service/subscription_service.go:100.5,101.26 2 0
Rest-user-agregator/internal/service/subscription_service.go:101.26,103.23 2 0
Rest-user-agregator/internal/service/subscription_service.go:103.23,105.10 1 0
Rest-user-agregator/internal/service/subscription_service.go:106.9,106.26 1 0
Rest-user-agregator/internal/service/subscription_service.go:109.5,109.67 1 0
Rest-user-agregator/internal/service/subscription_service.go:121.110,123.2 1 0
Rest-user-agregator/internal/service/subscription_service.go:134.85,138.2 3 0
Rest-user-agregator/internal/service/subscription_service.go:151.120,155.2 3 0
Rest-user-agregator/internal/service/subscription_service.go:161.51,162.22 1 0
Rest-user-agregator/internal/service/subscription_service.go:162.22,164.6 1 0
Rest-user-agregator/internal/service/subscription_service.go:165.5,165.42 1 0
Rest-user-agregator/internal/service/subscription_service.go:169.54,170.22 1 0
Rest-user-agregator/internal/service/subscription_service.go:170.22,172.6 1 0
Rest-user-agregator/internal/service/subscription_service.go:173.5,174.19 2 0
Rest-user-agregator/internal/service/subscription_service.go:174.19,176.6 1 0
Rest-user-agregator/internal/service/subscription_service.go:177.5,177.84 1 0
Rest-user-agregator/internal/service/subscription_service.go:181.52,182.25 1 0
Rest-user-agregator/internal/service/subscription_service.go:182.25,184.6 1 0
Rest-user-agregator/internal/service/subscription_service.go:185.5,185.15 1 0
Rest-user-agregator/pkg/logger/logger.go:53.32,55.40 2 1
Rest-user-agregator/pkg/logger/logger.go:55.40,57.3 1 1
Rest-user-agregator/pkg/logger/logger.go:58.2,58.18 1 1
Rest-user-agregator/pkg/logger/logger.go:64.41,66.15 1 1
Rest-user-agregator/pkg/logger/logger.go:67.15,68.23 1 1
Rest-user-agregator/pkg/logger/logger.go:69.14,70.22 1 1
Rest-user-agregator/pkg/logger/logger.go:71.14,72.22 1 0
Rest-user-agregator/pkg/logger/logger.go:73.15,74.23 1 0
Rest-user-agregator/pkg/logger/logger.go:75.15,76.23 1 0
Rest-user-agregator/pkg/logger/logger.go:77.10,78.22 1 1
Rest-user-agregator/pkg/logger/logger.go:82.2,83.16 2 1
Rest-user-agregator/pkg/logger/logger.go:83.16,87.3 3 1
Rest-user-agregator/pkg/logger/logger.go:90.2,91.22 2 1
Rest-user-agregator/pkg/logger/logger.go:95.56,96.26 1 1
Rest-user-agregator/pkg/logger/logger.go:96.26,98.3 1 1
Rest-user-agregator/pkg/logger/logger.go:99.2,100.53 2 1
Rest-user-agregator/pkg/logger/logger.go:104.37,106.2 1 1
Rest-user-agregator/pkg/logger/logger.go:109.36,111.2 1 1
Rest-user-agregator/pkg/logger/logger.go:114.36,116.2 1 1
Rest-user-agregator/pkg/logger/logger.go:119.37,121.2 1 1
Rest-user-agregator/pkg/logger/logger.go:124.37,127.2 2 0
